Any text before the root object is ignored
Including structural tokens like [{}]
Inside the object we can use comments that starts with # symbols
Comments
SessionRoot<1>

    # example of using quoted and unquoted values
    testQuotedChars="supports any symbols in a quoted string,
                        inluding a new line, special characters  - #}]5[{#
                        and escaped quote symbol \" end-->"

    testUnquoted = # this comment will be ignored
        unquoted value does not support structure tokens like the one above #<------------------------------this value is used for testUnquoted

    # Events array with duplicates and nested objects
    events[3] = [
        { #<-------------------------------------- original object
            EventRecord<10>
                eventName="user.login"
                actor={
                    UserProfile<20>
                        userId="u-100"
                        name="John Doe"
                }
                device={
                    DeviceInfo<30>
                        os="iOS"
                        model="iPhone"
                }
        }
        { #<-------------------------------------- duplicate object
            EventRecord<10>
                eventName="user.login"
                actor={
                    UserProfile<20>
                        userId="u-100"
                        name="John Doe"
                }
                device={
                    DeviceInfo<30>
                        os="iOS"
                        model="iPhone"
                }
        }
        { #<-------------------------------------- duplicate inner objects
            EventRecord<10>
                eventName="user.logout" #<---------this value is different from element 0
                actor={
                    UserProfile<20>
                        userId="u-100"
                        name="John Doe"
                }
                device={
                    DeviceInfo<30>
                        os="iOS"
                        model="iPhone"
                }
        }
    ]

    # Array wrapper to test nested arrays and duplicates
    eventArrayWrapper={
        ArrayWrapper<40>
            items[3]=[
                {
                    EventRecord<10>
                        eventName="user.login"
                        actor={
                            UserProfile<20>
                                userId="u-100"
                                name="John Doe"
                        }
                        device={
                            DeviceInfo<30>
                                os="iOS"
                                model="iPhone"
                        }
                }
                {
                    EventRecord<10>
                        eventName="user.login"
                        actor={
                            UserProfile<20>
                                userId="u-100"
                                name="John Doe"
                        }
                        device={
                            DeviceInfo<30>
                                os="iOS"
                                model="iPhone"
                        }
                }
                {
                    EventRecord<10>
                        eventName="user.logout"
                        actor={
                            UserProfile<20>
                                userId="u-100"
                                name="John Doe"
                        }
                        device={
                            DeviceInfo<30>
                                os="iOS"
                                model="iPhone"
                        }
                }
            ]
    }

    # Multi-line description to test quotes and brackets
    # a multi-line block must end with an empty line!
    # it does not support comments!
    description=...
        line one [with brackets]
        line two with \"escaped quote\"
        ][line three

    descriptionCopy=...
        line one [with brackets]
        line two with \"escaped quote\"
        ][line three

    # Duplicate customers to test object deduplication
    customer={
        CustomerRecord<50>
            customerId="C-1"
            name="Alice"
            address={
                Address<60>
                    city="New York"
                    zip="10001"
            }
    }

    backupCustomer={ #<-------------------------------------- duplicate object
        CustomerRecord<50>
            customerId="C-1"
            name="Alice"
            address={
                Address<60>
                    city="New York"
                    zip="10001"
            }
    }

    # Nested objects with small objects inside
    containers={
        Container<70>
            primary={
                Nested<71>
                    child={
                        SmallObject<72>
                            alpha="A"
                            beta="[B]"
                    }
            }
            secondary={
                Nested<71>
                    child={
                        SmallObject<72>
                            alpha="A"
                            beta="[B# not a comment]"  # parser ignores comment-like content if it's not inside quotes
                    }
            }
    }

    # Test comments handling
    # this is comment
    addressBook[2]= # this is comment
    [
        { #also comment
            Address<60> #and here
                city="New York" #and there
                zip="10001"
        }
        {
            Address<60>
                city="New York"
                zip="10001"
        }
    ]

    # Empty array
    emptyArray[0]=[]

    # Empty object with type
    emptyObject={
        Placeholder<99>
    }

    # Nested array with duplicates inside
    nestedArrayWithDuplicates[2]=[
        {
            ItemRecord<101>
                value="first"
        }
        {
            ItemRecord<101> # duplicate
                value="first"
        }
    ]
Key1="Quoted string with \" [escaped quote symbol]";


Any text after the object is also ignored
it can have special characters like square brackets
but can't have RBRACE } since this is the EXPECTS_KEY phase
and technically any equal sign and subsequent text will create a new key-value pair